andrey@notebook:~$ tarantool testcases.lua
8080
TAP version 13
1..2
    # #1 get value, by key
    1..1
    ok - nil
    # #1 get value, by key: end
ok - #1 get value, by key
    # #2 get invalid key
    1..1
    ok - nil
    # #2 get invalid key: end
ok - #2 get invalid key
TAP version 13
1..3
    # add value by key
    1..1
    ok - nil
    # add value by key: end
ok - add value by key
    # #4 incorrect body
    1..3
    ok - nil
    ok - nil
    ok - nil
    # #4 incorrect body: end
ok - #4 incorrect body
    # #5 existed key
    1..1
    ok - nil
    # #5 existed key: end
ok - #5 existed key
TAP version 13
1..2
    # delete record
    1..1
    ok - nil
    # delete record: end
ok - delete record
    # #6 get invalid key
    1..1
    ok - nil
    # #6 get invalid key: end
ok - #6 get invalid key
TAP version 13
1..3
    # update value by key
    1..1
    ok - nil
    # update value by key: end
ok - update value by key
    # #8 invalid key
    1..1
    ok - nil
    # #8 invalid key: end
ok - #8 invalid key
    # #9 incorrect body
    1..2
    ok - nil
    ok - nil
    # #9 incorrect body: end
ok - #9 incorrect body
andrey@notebook:~$ 
